[INFO] [1786025624.763181120] [rosbridge_websocket]: Rosbridge WebSocket server started on port 9090
[INFO] [1786029162.286726737] [rosbridge_websocket]: Calling services in new thread
[INFO] [1786029162.286996313] [rosbridge_websocket]: Sending action goals in new thread
[INFO] [1786029162.287537563] [rosbridge_websocket]: Client connected. 1 clients total.
[INFO] [1786029162.298629489] [rosbridge_websocket]: [Client eb12426d-be8c-4273-9099-07f574b865b7] Subscribed to /orchestrator/run_state
[INFO] [1786029162.300665310] [rosbridge_websocket]: [Client eb12426d-be8c-4273-9099-07f574b865b7] Subscribed to /weight
[INFO] [1786029162.341061546] [rosbridge_websocket]: [Client eb12426d-be8c-4273-9099-07f574b865b7] Subscribed to /joint_states
[INFO] [1786029162.355253818] [rosbridge_websocket]: [Client eb12426d-be8c-4273-9099-07f574b865b7] Subscribed to /niryo_robot_hardware_interface/hardware_status
[INFO] [1786029162.367606050] [rosbridge_websocket]: [Client eb12426d-be8c-4273-9099-07f574b865b7] Subscribed to /niryo_robot_status/robot_status
[INFO] [1786029162.368629065] [rosbridge_websocket]: [Client eb12426d-be8c-4273-9099-07f574b865b7] Subscribed to /weight
[INFO] [1786029162.370134530] [rosbridge_websocket]: [Client eb12426d-be8c-4273-9099-07f574b865b7] Subscribed to /scan_qr/camera_info
[INFO] [1786029162.371323727] [rosbridge_websocket]: [Client eb12426d-be8c-4273-9099-07f574b865b7] Subscribed to /microros/heartbeat
[INFO] [1786029162.398725685] [rosbridge_websocket]: [Client eb12426d-be8c-4273-9099-07f574b865b7] Subscribed to /micro_ros_launcher/transition_event
[INFO] [1786029162.399654301] [rosbridge_websocket]: [Client eb12426d-be8c-4273-9099-07f574b865b7] Subscribed to /orchestrator/run_state
[INFO] [1786029162.399849996] [rosbridge_websocket]: [Client eb12426d-be8c-4273-9099-07f574b865b7] Subscribed to /weight
[INFO] [1786029162.401240115] [rosbridge_websocket]: [Client eb12426d-be8c-4273-9099-07f574b865b7] Subscribed to /joint_states
[INFO] [1786029165.192349869] [rosbridge_websocket]: Client disconnected. 0 clients total.
[INFO] [1786029165.254012215] [rosbridge_websocket]: Calling services in new thread
[INFO] [1786029165.254288533] [rosbridge_websocket]: Sending action goals in new thread
[INFO] [1786029165.254898646] [rosbridge_websocket]: Client connected. 1 clients total.
[INFO] [1786029165.259297627] [rosbridge_websocket]: [Client 291c0168-ce31-4c07-8126-5e5e1631440f] Subscribed to /orchestrator/run_state
[INFO] [1786029165.261354289] [rosbridge_websocket]: [Client 291c0168-ce31-4c07-8126-5e5e1631440f] Subscribed to /weight
[INFO] [1786029165.263686994] [rosbridge_websocket]: [Client 291c0168-ce31-4c07-8126-5e5e1631440f] Subscribed to /joint_states
[INFO] [1786029165.265733727] [rosbridge_websocket]: [Client 291c0168-ce31-4c07-8126-5e5e1631440f] Subscribed to /niryo_robot_hardware_interface/hardware_status
[INFO] [1786029165.267525519] [rosbridge_websocket]: [Client 291c0168-ce31-4c07-8126-5e5e1631440f] Subscribed to /niryo_robot_status/robot_status
[INFO] [1786029165.269537616] [rosbridge_websocket]: [Client 291c0168-ce31-4c07-8126-5e5e1631440f] Subscribed to /weight
[INFO] [1786029165.271348101] [rosbridge_websocket]: [Client 291c0168-ce31-4c07-8126-5e5e1631440f] Subscribed to /scan_qr/camera_info
[INFO] [1786029165.273163073] [rosbridge_websocket]: [Client 291c0168-ce31-4c07-8126-5e5e1631440f] Subscribed to /microros/heartbeat
[INFO] [1786029165.280515932] [rosbridge_websocket]: [Client 291c0168-ce31-4c07-8126-5e5e1631440f] Subscribed to /micro_ros_launcher/transition_event
[INFO] [1786029165.282140861] [rosbridge_websocket]: [Client 291c0168-ce31-4c07-8126-5e5e1631440f] Subscribed to /orchestrator/run_state
[INFO] [1786029165.282432631] [rosbridge_websocket]: [Client 291c0168-ce31-4c07-8126-5e5e1631440f] Subscribed to /weight
[INFO] [1786029165.283647411] [rosbridge_websocket]: [Client 291c0168-ce31-4c07-8126-5e5e1631440f] Subscribed to /joint_states
[INFO] [1786029190.404878331] [rosbridge_websocket]: [Client 291c0168-ce31-4c07-8126-5e5e1631440f] Unsubscribed from /orchestrator/run_state
[INFO] [1786029190.405167637] [rosbridge_websocket]: [Client 291c0168-ce31-4c07-8126-5e5e1631440f] Unsubscribed from /weight
[INFO] [1786029190.405390261] [rosbridge_websocket]: [Client 291c0168-ce31-4c07-8126-5e5e1631440f] Unsubscribed from /joint_states
[INFO] [1786029190.406955400] [rosbridge_websocket]: [Client 291c0168-ce31-4c07-8126-5e5e1631440f] Unsubscribed from /niryo_robot_hardware_interface/hardware_status
[INFO] [1786029190.408880435] [rosbridge_websocket]: [Client 291c0168-ce31-4c07-8126-5e5e1631440f] Unsubscribed from /niryo_robot_status/robot_status
[INFO] [1786029190.409166574] [rosbridge_websocket]: [Client 291c0168-ce31-4c07-8126-5e5e1631440f] Unsubscribed from /weight
[INFO] [1786029190.410517536] [rosbridge_websocket]: [Client 291c0168-ce31-4c07-8126-5e5e1631440f] Unsubscribed from /scan_qr/camera_info
[INFO] [1786029190.411807164] [rosbridge_websocket]: [Client 291c0168-ce31-4c07-8126-5e5e1631440f] Unsubscribed from /microros/heartbeat
[INFO] [1786029190.412892775] [rosbridge_websocket]: [Client 291c0168-ce31-4c07-8126-5e5e1631440f] Unsubscribed from /micro_ros_launcher/transition_event
[INFO] [1786029190.415190676] [rosbridge_websocket]: [Client 291c0168-ce31-4c07-8126-5e5e1631440f] Subscribed to /webhook_run/phase
[INFO] [1786029190.417515685] [rosbridge_websocket]: [Client 291c0168-ce31-4c07-8126-5e5e1631440f] Subscribed to /webhook_run/active
[INFO] [1786029190.419249721] [rosbridge_websocket]: [Client 291c0168-ce31-4c07-8126-5e5e1631440f] Subscribed to /webhook_run/metadata
[INFO] [1786029190.419500653] [rosbridge_websocket]: [Client 291c0168-ce31-4c07-8126-5e5e1631440f] Subscribed to /weight
[INFO] [1786029190.425183422] [rosbridge_websocket]: [Client 291c0168-ce31-4c07-8126-5e5e1631440f] Subscribed to /pour_status
[INFO] [1786029190.426936613] [rosbridge_websocket]: [Client 291c0168-ce31-4c07-8126-5e5e1631440f] Subscribed to /vibration/intensity
[INFO] [1786029190.428268481] [rosbridge_websocket]: [Client 291c0168-ce31-4c07-8126-5e5e1631440f] Subscribed to /incline_control
[INFO] [1786029190.429317366] [rosbridge_websocket]: [Client 291c0168-ce31-4c07-8126-5e5e1631440f] Subscribed to /orchestrator/run_state
[INFO] [1786029192.029252583] [rosbridge_websocket]: [Client 291c0168-ce31-4c07-8126-5e5e1631440f] Unsubscribed from /webhook_run/phase
[INFO] [1786029192.030489708] [rosbridge_websocket]: [Client 291c0168-ce31-4c07-8126-5e5e1631440f] Unsubscribed from /webhook_run/active
[INFO] [1786029192.031798668] [rosbridge_websocket]: [Client 291c0168-ce31-4c07-8126-5e5e1631440f] Unsubscribed from /webhook_run/metadata
[INFO] [1786029192.032038498] [rosbridge_websocket]: [Client 291c0168-ce31-4c07-8126-5e5e1631440f] Unsubscribed from /weight
[INFO] [1786029192.033110343] [rosbridge_websocket]: [Client 291c0168-ce31-4c07-8126-5e5e1631440f] Unsubscribed from /pour_status
[INFO] [1786029192.034233822] [rosbridge_websocket]: [Client 291c0168-ce31-4c07-8126-5e5e1631440f] Unsubscribed from /vibration/intensity
[INFO] [1786029192.035367930] [rosbridge_websocket]: [Client 291c0168-ce31-4c07-8126-5e5e1631440f] Unsubscribed from /incline_control
[INFO] [1786029192.035613580] [rosbridge_websocket]: [Client 291c0168-ce31-4c07-8126-5e5e1631440f] Unsubscribed from /orchestrator/run_state
[INFO] [1786029194.606796221] [rosbridge_websocket]: [Client 291c0168-ce31-4c07-8126-5e5e1631440f] Subscribed to /orchestrator/run_state
[INFO] [1786029194.607363051] [rosbridge_websocket]: [Client 291c0168-ce31-4c07-8126-5e5e1631440f] Subscribed to /weight
[INFO] [1786029194.608655174] [rosbridge_websocket]: [Client 291c0168-ce31-4c07-8126-5e5e1631440f] Subscribed to /joint_states
[INFO] [1786029194.610341995] [rosbridge_websocket]: [Client 291c0168-ce31-4c07-8126-5e5e1631440f] Subscribed to /niryo_robot_hardware_interface/hardware_status
[INFO] [1786029194.612007276] [rosbridge_websocket]: [Client 291c0168-ce31-4c07-8126-5e5e1631440f] Subscribed to /niryo_robot_status/robot_status
[INFO] [1786029194.612255109] [rosbridge_websocket]: [Client 291c0168-ce31-4c07-8126-5e5e1631440f] Subscribed to /weight
[INFO] [1786029194.613836298] [rosbridge_websocket]: [Client 291c0168-ce31-4c07-8126-5e5e1631440f] Subscribed to /scan_qr/camera_info
[INFO] [1786029194.615138513] [rosbridge_websocket]: [Client 291c0168-ce31-4c07-8126-5e5e1631440f] Subscribed to /microros/heartbeat
[INFO] [1786029194.623707863] [rosbridge_websocket]: [Client 291c0168-ce31-4c07-8126-5e5e1631440f] Subscribed to /micro_ros_launcher/transition_event
[INFO] [1786029414.922303423] [rosbridge_websocket]: Client disconnected. 0 clients total.
[INFO] [1786029415.009388225] [rosbridge_websocket]: Calling services in new thread
[INFO] [1786029415.009725282] [rosbridge_websocket]: Sending action goals in new thread
[INFO] [1786029415.010353740] [rosbridge_websocket]: Client connected. 1 clients total.
[INFO] [1786029415.013542308] [rosbridge_websocket]: [Client ba20deb1-a29f-4e3c-8024-d26d952ea7ee] Subscribed to /orchestrator/run_state
[INFO] [1786029415.015883523] [rosbridge_websocket]: [Client ba20deb1-a29f-4e3c-8024-d26d952ea7ee] Subscribed to /weight
[INFO] [1786029415.018337934] [rosbridge_websocket]: [Client ba20deb1-a29f-4e3c-8024-d26d952ea7ee] Subscribed to /joint_states
[INFO] [1786029415.021248726] [rosbridge_websocket]: [Client ba20deb1-a29f-4e3c-8024-d26d952ea7ee] Subscribed to /niryo_robot_hardware_interface/hardware_status
[INFO] [1786029415.023669348] [rosbridge_websocket]: [Client ba20deb1-a29f-4e3c-8024-d26d952ea7ee] Subscribed to /niryo_robot_status/robot_status
[INFO] [1786029415.025736866] [rosbridge_websocket]: [Client ba20deb1-a29f-4e3c-8024-d26d952ea7ee] Subscribed to /weight
[INFO] [1786029415.028113923] [rosbridge_websocket]: [Client ba20deb1-a29f-4e3c-8024-d26d952ea7ee] Subscribed to /scan_qr/camera_info
[INFO] [1786029415.030504293] [rosbridge_websocket]: [Client ba20deb1-a29f-4e3c-8024-d26d952ea7ee] Subscribed to /microros/heartbeat
[INFO] [1786029415.038893277] [rosbridge_websocket]: [Client ba20deb1-a29f-4e3c-8024-d26d952ea7ee] Subscribed to /micro_ros_launcher/transition_event
[INFO] [1786029415.041644317] [rosbridge_websocket]: [Client ba20deb1-a29f-4e3c-8024-d26d952ea7ee] Subscribed to /orchestrator/run_state
[INFO] [1786029415.042005312] [rosbridge_websocket]: [Client ba20deb1-a29f-4e3c-8024-d26d952ea7ee] Subscribed to /weight
[INFO] [1786029415.043762691] [rosbridge_websocket]: [Client ba20deb1-a29f-4e3c-8024-d26d952ea7ee] Subscribed to /joint_states
[INFO] [1786029459.687416832] [rosbridge_websocket]: [Client ba20deb1-a29f-4e3c-8024-d26d952ea7ee] Unsubscribed from /orchestrator/run_state
[INFO] [1786029459.687738956] [rosbridge_websocket]: [Client ba20deb1-a29f-4e3c-8024-d26d952ea7ee] Unsubscribed from /weight
[INFO] [1786029459.688002305] [rosbridge_websocket]: [Client ba20deb1-a29f-4e3c-8024-d26d952ea7ee] Unsubscribed from /joint_states
[INFO] [1786029459.689759768] [rosbridge_websocket]: [Client ba20deb1-a29f-4e3c-8024-d26d952ea7ee] Unsubscribed from /niryo_robot_hardware_interface/hardware_status
[INFO] [1786029459.691130485] [rosbridge_websocket]: [Client ba20deb1-a29f-4e3c-8024-d26d952ea7ee] Unsubscribed from /niryo_robot_status/robot_status
[INFO] [1786029459.691442611] [rosbridge_websocket]: [Client ba20deb1-a29f-4e3c-8024-d26d952ea7ee] Unsubscribed from /weight
[INFO] [1786029459.693016926] [rosbridge_websocket]: [Client ba20deb1-a29f-4e3c-8024-d26d952ea7ee] Unsubscribed from /scan_qr/camera_info
[INFO] [1786029459.694345646] [rosbridge_websocket]: [Client ba20deb1-a29f-4e3c-8024-d26d952ea7ee] Unsubscribed from /microros/heartbeat
[INFO] [1786029459.695479129] [rosbridge_websocket]: [Client ba20deb1-a29f-4e3c-8024-d26d952ea7ee] Unsubscribed from /micro_ros_launcher/transition_event
[INFO] [1786029466.998165859] [rosbridge_websocket]: [Client ba20deb1-a29f-4e3c-8024-d26d952ea7ee] Subscribed to /webhook_run/phase
[INFO] [1786029467.000880695] [rosbridge_websocket]: [Client ba20deb1-a29f-4e3c-8024-d26d952ea7ee] Subscribed to /webhook_run/active
[INFO] [1786029467.002681751] [rosbridge_websocket]: [Client ba20deb1-a29f-4e3c-8024-d26d952ea7ee] Subscribed to /webhook_run/metadata
[INFO] [1786029467.002932161] [rosbridge_websocket]: [Client ba20deb1-a29f-4e3c-8024-d26d952ea7ee] Subscribed to /weight
[INFO] [1786029467.004608975] [rosbridge_websocket]: [Client ba20deb1-a29f-4e3c-8024-d26d952ea7ee] Subscribed to /pour_status
[INFO] [1786029467.006225147] [rosbridge_websocket]: [Client ba20deb1-a29f-4e3c-8024-d26d952ea7ee] Subscribed to /vibration/intensity
[INFO] [1786029467.007730082] [rosbridge_websocket]: [Client ba20deb1-a29f-4e3c-8024-d26d952ea7ee] Subscribed to /incline_control
[INFO] [1786029467.008792743] [rosbridge_websocket]: [Client ba20deb1-a29f-4e3c-8024-d26d952ea7ee] Subscribed to /orchestrator/run_state
[INFO] [1786029822.472390662] [rosbridge_websocket]: [Client ba20deb1-a29f-4e3c-8024-d26d952ea7ee] Unsubscribed from /webhook_run/phase
[INFO] [1786029822.474122172] [rosbridge_websocket]: [Client ba20deb1-a29f-4e3c-8024-d26d952ea7ee] Unsubscribed from /webhook_run/active
[INFO] [1786029822.475294730] [rosbridge_websocket]: [Client ba20deb1-a29f-4e3c-8024-d26d952ea7ee] Unsubscribed from /webhook_run/metadata
[INFO] [1786029822.475543253] [rosbridge_websocket]: [Client ba20deb1-a29f-4e3c-8024-d26d952ea7ee] Unsubscribed from /weight
[INFO] [1786029822.476873538] [rosbridge_websocket]: [Client ba20deb1-a29f-4e3c-8024-d26d952ea7ee] Unsubscribed from /pour_status
[INFO] [1786029822.478125329] [rosbridge_websocket]: [Client ba20deb1-a29f-4e3c-8024-d26d952ea7ee] Unsubscribed from /vibration/intensity
[INFO] [1786029822.479348332] [rosbridge_websocket]: [Client ba20deb1-a29f-4e3c-8024-d26d952ea7ee] Unsubscribed from /incline_control
[INFO] [1786029822.479635999] [rosbridge_websocket]: [Client ba20deb1-a29f-4e3c-8024-d26d952ea7ee] Unsubscribed from /orchestrator/run_state
